=====================================
STOCK SENTINEL ALERT SYSTEM TEST
=====================================

Step 1: Registering user...
[OK] User registered
Step 1.5: Logging in to get access token...
[OK] Got access token

Step 2: Creating PERCENTAGE_CHANGE alert (no condition)...
[ERROR] PERCENTAGE_CHANGE failed: {"detail":[{"type":"missing","loc":["body","condition"],"msg":"Field required","input":{"stock_symbol":"AAPL","target_value":5,"alert_type":"percentage_change"}}]}

Step 3: Creating VOLUME_SPIKE alert (no condition)...
[ERROR] VOLUME_SPIKE failed: {"detail":[{"type":"missing","loc":["body","condition"],"msg":"Field required","input":{"stock_symbol":"MSFT","target_value":1.5,"alert_type":"volume_spike"}}]}

Step 4: Creating CRASH alert (no condition)...
[ERROR] CRASH failed: {"detail":[{"type":"missing","loc":["body","condition"],"msg":"Field required","input":{"stock_symbol":"GOOGL","target_value":10,"alert_type":"crash"}}]}

Step 5: Creating PRICE alert (with condition)...
[ERROR] PRICE alert failed: Traceback (most recent call last):
  File "C:\Users\acer\Downloads\stock sentinal\backend\.venv\Lib\site-packages\sqlalchemy\engine\base.py", line 1967, in _exec_single_context
    self.dialect.do_execute(
    ~~~~~~~~~~~~~~~~~~~~~~~^
        cursor, str_statement, effective_parameters, context
        ^^^^^^^^^^^^^^^^^^^^^^^^^^^^^^^^^^^^^^^^^^^^^^^^^^^^
    )
    ^
  File "C:\Users\acer\Downloads\stock sentinal\backend\.venv\Lib\site-packages\sqlalchemy\engine\default.py", line 952, in do_execute
    cursor.execute(statement, parameters)
    ~~~~~~~~~~~~~~^^^^^^^^^^^^^^^^^^^^^^^
psycopg2.errors.NotNullViolation: null value in column "alert_type" of relation "alerts" violates not-null constraint
DETAIL:  Failing row contains (23, 8, TESLA, GREATER_THAN, 250, null, null, t, 2026-04-02 08:44:42.320612, null).


The above exception was the direct cause of the following exception:

Traceback (most recent call last):
  File "C:\Users\acer\Downloads\stock sentinal\backend\.venv\Lib\site-packages\starlette\middleware\errors.py", line 164, in __call__
    await self.app(scope, receive, _send)
  File "C:\Users\acer\Downloads\stock sentinal\backend\.venv\Lib\site-packages\starlette\middleware\cors.py", line 88, in __call__
    return
  File "C:\Users\acer\Downloads\stock sentinal\backend\.venv\Lib\site-packages\starlette\middleware\base.py", line 191, in __call__
    with recv_stream, send_stream, collapse_excgroups():
                                   ~~~~~~~~~~~~~~~~~~^^
  File "C:\Users\acer\AppData\Local\Programs\Python\Python314\Lib\contextlib.py", line 162, in __exit__
    self.gen.throw(value)
    ~~~~~~~~~~~~~~^^^^^^^
  File "C:\Users\acer\Downloads\stock sentinal\backend\.venv\Lib\site-packages\starlette\_utils.py", line 87, in collapse_excgroups
    raise exc
  File "C:\Users\acer\Downloads\stock sentinal\backend\.venv\Lib\site-packages\starlette\middleware\base.py", line 193, in __call__
    response = await self.dispatch_func(request, call_next)
               ^^^^^^^^^^^^^^^^^^^^^^^^^^^^^^^^^^^^^^^^^^^^
  File "C:\Users\acer\Downloads\stock sentinal\backend\app\core\error_handlers.py", line 107, in request_logging_middleware
    response = await call_next(request)
               ^^^^^^^^^^^^^^^^^^^^^^^^
  File "C:\Users\acer\Downloads\stock sentinal\backend\.venv\Lib\site-packages\starlette\middleware\base.py", line 168, in call_next
    raise app_exc from app_exc.__cause__ or app_exc.__context__
  File "C:\Users\acer\Downloads\stock sentinal\backend\.venv\Lib\site-packages\starlette\middleware\base.py", line 144, in coro
    await self.app(scope, receive_or_disconnect, send_no_error)
  File "C:\Users\acer\Downloads\stock sentinal\backend\.venv\Lib\site-packages\starlette\middleware\exceptions.py", line 63, in __call__
    await wrap_app_handling_exceptions(self.app, conn)(scope, receive, send)
  File "C:\Users\acer\Downloads\stock sentinal\backend\.venv\Lib\site-packages\starlette\_exception_handler.py", line 53, in wrapped_app
    raise exc
  File "C:\Users\acer\Downloads\stock sentinal\backend\.venv\Lib\site-packages\starlette\_exception_handler.py", line 42, in wrapped_app
    await app(scope, receive, sender)
  File "C:\Users\acer\Downloads\stock sentinal\backend\.venv\Lib\site-packages\fastapi\middleware\asyncexitstack.py", line 18, in __call__
    await self.app(scope, receive, send)
  File "C:\Users\acer\Downloads\stock sentinal\backend\.venv\Lib\site-packages\starlette\routing.py", line 660, in __call__
    return route.url_path_for(name, **path_params)
    ^^^^^^^^^^^^^^^^^^^^^^^^^^^^^^^^^^^^^^^^^
  File "C:\Users\acer\Downloads\stock sentinal\backend\.venv\Lib\site-packages\starlette\routing.py", line 680, in app
    if is_async_callable(handler):
        ^^^^^^^^^^^^^^^^^^^^^^^^^^
  File "C:\Users\acer\Downloads\stock sentinal\backend\.venv\Lib\site-packages\starlette\routing.py", line 276, in handle
  File "C:\Users\acer\Downloads\stock sentinal\backend\.venv\Lib\site-packages\fastapi\routing.py", line 134, in app
    await wrap_app_handling_exceptions(app, request)(scope, receive, send)
  File "C:\Users\acer\Downloads\stock sentinal\backend\.venv\Lib\site-packages\starlette\_exception_handler.py", line 53, in wrapped_app
    raise exc
  File "C:\Users\acer\Downloads\stock sentinal\backend\.venv\Lib\site-packages\starlette\_exception_handler.py", line 42, in wrapped_app
    await app(scope, receive, sender)
  File "C:\Users\acer\Downloads\stock sentinal\backend\.venv\Lib\site-packages\fastapi\routing.py", line 120, in app
    response = await f(request)
               ^^^^^^^^^^^^^^^^
  File "C:\Users\acer\Downloads\stock sentinal\backend\.venv\Lib\site-packages\fastapi\routing.py", line 674, in app
    raw_response = await run_endpoint_function(
                   ^^^^^^^^^^^^^^^^^^^^^^^^^^^^
    ......
    )
    ^
  File "C:\Users\acer\Downloads\stock sentinal\backend\.venv\Lib\site-packages\fastapi\routing.py", line 330, in run_endpoint_function
    return await run_in_threadpool(dependant.call, **values)
           ^^^^^^^^^^^^^^^^^^^^^^^^^^^^^^^^^^^^^^^^^^^^^^^^^
  File "C:\Users\acer\Downloads\stock sentinal\backend\.venv\Lib\site-packages\starlette\concurrency.py", line 32, in run_in_threadpool
    return await anyio.to_thread.run_sync(func)
           ^^^^^^^^^^^^^^^^^^^^^^^^^^^^^^^^^^^^
  File "C:\Users\acer\Downloads\stock sentinal\backend\.venv\Lib\site-packages\anyio\to_thread.py", line 63, in run_sync
    return await get_async_backend().run_sync_in_worker_thread(
           ^^^^^^^^^^^^^^^^^^^^^^^^^^^^^^^^^^^^^^^^^^^^^^^^^^^^
        func, args, abandon_on_cancel=abandon_on_cancel, limiter=limiter
        ^^^^^^^^^^^^^^^^^^^^^^^^^^^^^^^^^^^^^^^^^^^^^^^^^^^^^^^^^^^^^^^^
    )
    ^
  File "C:\Users\acer\Downloads\stock sentinal\backend\.venv\Lib\site-packages\anyio\_backends\_asyncio.py", line 2518, in run_sync_in_worker_thread
    return await future
           ^^^^^^^^^^^^
  File "C:\Users\acer\Downloads\stock sentinal\backend\.venv\Lib\site-packages\anyio\_backends\_asyncio.py", line 1002, in run
    result = context.run(func, *args)
  File "C:\Users\acer\Downloads\stock sentinal\backend\app\api\routes\alert.py", line 77, in create_alert
  File "C:\Users\acer\Downloads\stock sentinal\backend\app\services\alert_service.py", line 96, in create_alert
    )
  File "C:\Users\acer\Downloads\stock sentinal\backend\.venv\Lib\site-packages\sqlalchemy\orm\session.py", line 2030, in commit
    trans.commit(_to_root=True)
    ~~~~~~~~~~~~^^^^^^^^^^^^^^^
  File "", line 2, in commit
  File "C:\Users\acer\Downloads\stock sentinal\backend\.venv\Lib\site-packages\sqlalchemy\orm\state_changes.py", line 137, in _go
    ret_value = fn(self, *arg, **kw)
  File "C:\Users\acer\Downloads\stock sentinal\backend\.venv\Lib\site-packages\sqlalchemy\orm\session.py", line 1311, in commit
    self._prepare_impl()
    ~~~~~~~~~~~~~~~~~~^^
  File "", line 2, in _prepare_impl
  File "C:\Users\acer\Downloads\stock sentinal\backend\.venv\Lib\site-packages\sqlalchemy\orm\state_changes.py", line 137, in _go
    ret_value = fn(self, *arg, **kw)
  File "C:\Users\acer\Downloads\stock sentinal\backend\.venv\Lib\site-packages\sqlalchemy\orm\session.py", line 1286, in _prepare_impl
    self.session.flush()
    ~~~~~~~~~~~~~~~~~~^^
  File "C:\Users\acer\Downloads\stock sentinal\backend\.venv\Lib\site-packages\sqlalchemy\orm\session.py", line 4331, in flush
    self._flush(objects)
    ~~~~~~~~~~~^^^^^^^^^
  File "C:\Users\acer\Downloads\stock sentinal\backend\.venv\Lib\site-packages\sqlalchemy\orm\session.py", line 4466, in _flush
    with util.safe_reraise():
         ~~~~~~~~~~~~~~~~~^^
  File "C:\Users\acer\Downloads\stock sentinal\backend\.venv\Lib\site-packages\sqlalchemy\util\langhelpers.py", line 121, in __exit__
    raise exc_value.with_traceback(exc_tb)
  File "C:\Users\acer\Downloads\stock sentinal\backend\.venv\Lib\site-packages\sqlalchemy\orm\session.py", line 4427, in _flush
    flush_context.execute()
    ~~~~~~~~~~~~~~~~~~~~~^^
  File "C:\Users\acer\Downloads\stock sentinal\backend\.venv\Lib\site-packages\sqlalchemy\orm\unitofwork.py", line 466, in execute
    rec.execute(self)
    ~~~~~~~~~~~^^^^^^
  File "C:\Users\acer\Downloads\stock sentinal\backend\.venv\Lib\site-packages\sqlalchemy\orm\unitofwork.py", line 642, in execute
    util.preloaded.orm_persistence.save_obj(
    ~~~~~~~~~~~~~~~~~~~~~~~~~~~~~~~~~~~~~~~^
        self.mapper,
        ^^^^^^^^^^^^
        uow.states_for_mapper_hierarchy(self.mapper, False, False),
        ^^^^^^^^^^^^^^^^^^^^^^^^^^^^^^^^^^^^^^^^^^^^^^^^^^^^^^^^^^^
        uow,
        ^^^^
    )
    ^
  File "C:\Users\acer\Downloads\stock sentinal\backend\.venv\Lib\site-packages\sqlalchemy\orm\persistence.py", line 93, in save_obj
    _emit_insert_statements(
    ~~~~~~~~~~~~~~~~~~~~~~~^
        base_mapper,
        ^^^^^^^^^^^^
    ......
        insert,
        ^^^^^^^
    )
    ^
  File "C:\Users\acer\Downloads\stock sentinal\backend\.venv\Lib\site-packages\sqlalchemy\orm\persistence.py", line 1233, in _emit_insert_statements
    result = connection.execute(
        statement,
        params,
        execution_options=execution_options,
    )
  File "C:\Users\acer\Downloads\stock sentinal\backend\.venv\Lib\site-packages\sqlalchemy\engine\base.py", line 1419, in execute
    return meth(
        self,
        distilled_parameters,
        execution_options or NO_OPTIONS,
    )
  File "C:\Users\acer\Downloads\stock sentinal\backend\.venv\Lib\site-packages\sqlalchemy\sql\elements.py", line 527, in _execute_on_connection
    return connection._execute_clauseelement(
           ~~~~~~~~~~~~~~~~~~~~~~~~~~~~~~~~~^
        self, distilled_params, execution_options
        ^^^^^^^^^^^^^^^^^^^^^^^^^^^^^^^^^^^^^^^^^
    )
    ^
  File "C:\Users\acer\Downloads\stock sentinal\backend\.venv\Lib\site-packages\sqlalchemy\engine\base.py", line 1641, in _execute_clauseelement
    ret = self._execute_context(
        dialect,
    ......
        cache_hit=cache_hit,
    )
  File "C:\Users\acer\Downloads\stock sentinal\backend\.venv\Lib\site-packages\sqlalchemy\engine\base.py", line 1846, in _execute_context
    return self._exec_single_context(
           ~~~~~~~~~~~~~~~~~~~~~~~~~^
        dialect, context, statement, parameters
        ^^^^^^^^^^^^^^^^^^^^^^^^^^^^^^^^^^^^^^^
    )
    ^
  File "C:\Users\acer\Downloads\stock sentinal\backend\.venv\Lib\site-packages\sqlalchemy\engine\base.py", line 1986, in _exec_single_context
    self._handle_dbapi_exception(
    ~~~~~~~~~~~~~~~~~~~~~~~~~~~~^
        e, str_statement, effective_parameters, cursor, context
        ^^^^^^^^^^^^^^^^^^^^^^^^^^^^^^^^^^^^^^^^^^^^^^^^^^^^^^^
    )
    ^
  File "C:\Users\acer\Downloads\stock sentinal\backend\.venv\Lib\site-packages\sqlalchemy\engine\base.py", line 2363, in _handle_dbapi_exception
    raise sqlalchemy_exception.with_traceback(exc_info[2]) from e
  File "C:\Users\acer\Downloads\stock sentinal\backend\.venv\Lib\site-packages\sqlalchemy\engine\base.py", line 1967, in _exec_single_context
    self.dialect.do_execute(
    ~~~~~~~~~~~~~~~~~~~~~~~^
        cursor, str_statement, effective_parameters, context
        ^^^^^^^^^^^^^^^^^^^^^^^^^^^^^^^^^^^^^^^^^^^^^^^^^^^^
    )
    ^
  File "C:\Users\acer\Downloads\stock sentinal\backend\.venv\Lib\site-packages\sqlalchemy\engine\default.py", line 952, in do_execute
    cursor.execute(statement, parameters)
    ~~~~~~~~~~~~~~^^^^^^^^^^^^^^^^^^^^^^^
sqlalchemy.exc.IntegrityError: (psycopg2.errors.NotNullViolation) null value in column "alert_type" of relation "alerts" violates not-null constraint
DETAIL:  Failing row contains (23, 8, TESLA, GREATER_THAN, 250, null, null, t, 2026-04-02 08:44:42.320612, null).

[SQL: INSERT INTO alerts (user_id, stock_symbol, condition, target_value, is_active, created_at, triggered_at) VALUES (%(user_id)s, %(stock_symbol)s, %(condition)s, %(target_value)s, %(is_active)s, %(created_at)s, %(triggered_at)s) RETURNING alerts.id]
[parameters: {'user_id': 8, 'stock_symbol': 'TESLA', 'condition': 'GREATER_THAN', 'target_value': 250.0, 'is_active': True, 'created_at': datetime.datetime(2026, 4, 2, 8, 44, 42, 320612), 'triggered_at': None}]
(Background on this error at: https://sqlalche.me/e/20/gkpj)


Step 6: Fetching all alerts...
[OK] Retrieved 0 alerts:

Step 7: Testing PRICE alert WITHOUT condition (should fail with 422)...
[OK] Correctly rejected with 422 error
     Error: @{type=missing; loc=System.Object[]; msg=Field required; input=}

=====================================
TEST COMPLETE - ALL TESTS PASSED!
=====================================
