docker :  Image stocksentinal-frontend Building 
At line:1 char:55
+ ... oads\stock sentinal\backend" ; docker compose up --build 2>&1 | tee b ...
+                                    ~~~~~~~~~~~~~~~~~~~~~~~~~~~~~~
    + CategoryInfo          : NotSpecified: ( Image stocksentinal-frontend Bui 
   lding :String) [], RemoteException
    + FullyQualifiedErrorId : NativeCommandError
 
 Image stocksentinal-backend Building 
#1 [internal] load local bake definitions
#1 reading from stdin 1.22kB done
#1 DONE 0.0s

#2 [frontend internal] load build definition from Dockerfile
#2 transferring dockerfile: 800B 0.0s done
#2 DONE 0.1s

#3 [backend internal] load build definition from Dockerfile
#3 transferring dockerfile: 636B 0.0s done
#3 DONE 0.1s

#4 [frontend internal] load metadata for docker.io/library/node:20-alpine
#4 ...

#5 [auth] library/node:pull token for registry-1.docker.io
#5 DONE 0.0s

#6 [auth] library/python:pull token for registry-1.docker.io
#6 DONE 0.0s

#7 [backend internal] load metadata for docker.io/library/python:3.11-slim
#7 ...

#4 [frontend internal] load metadata for docker.io/library/node:20-alpine
#4 DONE 1.8s

#7 [backend internal] load metadata for docker.io/library/python:3.11-slim
#7 DONE 1.8s

#8 [frontend internal] load .dockerignore
#8 transferring context: 142B 0.0s done
#8 DONE 0.1s

#9 [backend internal] load .dockerignore
#9 transferring context: 234B 0.0s done
#9 DONE 0.1s

#10 [frontend internal] load build context
#10 DONE 0.0s

#11 [backend internal] load build context
#11 transferring context: 9.47kB 0.0s done
#11 DONE 0.1s

#12 [frontend deps 1/4] FROM docker.io/library/node:20-alpine@sha256:f598378b5240225e6beab68fa9f356db1fb8efe55173e6d4d8153113bb8f333c
#12 resolve docker.io/library/node:20-alpine@sha256:f598378b5240225e6beab68fa9f356db1fb8efe55173e6d4d8153113bb8f333c 0.1s done
#12 DONE 0.1s

#13 [frontend deps 2/4] WORKDIR /app
#13 CACHED

#14 [backend 1/8] FROM docker.io/library/python:3.11-slim@sha256:233de06753d30d120b1a3ce359d8d3be8bda78524cd8f520c99883bfe33964cf
#14 resolve docker.io/library/python:3.11-slim@sha256:233de06753d30d120b1a3ce359d8d3be8bda78524cd8f520c99883bfe33964cf 0.1s done
#14 DONE 0.1s

#15 [backend 2/8] WORKDIR /app
#15 CACHED

#16 [backend 4/8] COPY requirements.txt .
#16 CACHED

#17 [backend 5/8] RUN pip install --no-cache-dir --upgrade pip &&     pip install --no-cache-dir -r requirements.txt
#17 CACHED

#18 [backend 3/8] RUN apt-get update && apt-get install -y --no-install-recommends     build-essential     libpq-dev  && rm -rf /var/lib/apt/lists/*
#18 CACHED

#19 [backend 6/8] COPY alembic ./alembic
#19 CACHED

#20 [backend 7/8] COPY alembic.ini .
#20 CACHED

#21 [backend 8/8] COPY app ./app
#21 CACHED

#10 [frontend internal] load build context
#10 transferring context: 3.69kB 0.0s done
#10 DONE 0.1s

#22 [backend] exporting to image
#22 exporting layers 0.0s done
#22 exporting manifest sha256:1145b63a1c16ee5e18de5432bb218176c0663bf0ab2ccba9702f75a36001d7cf 0.0s done
#22 exporting config sha256:8b1df387379c076e7cc8e2e5bab03153c5c2df07cd02a390ecf5fba6106a1f5a 0.0s done
#22 exporting attestation manifest sha256:92d2f93a533e0e9cb26ec855cd2a67ce38884ca6affdeff601c83391fec7af08
#22 ...

#23 [frontend deps 3/4] COPY package*.json ./
#23 DONE 0.2s

#22 [backend] exporting to image
#22 exporting attestation manifest sha256:92d2f93a533e0e9cb26ec855cd2a67ce38884ca6affdeff601c83391fec7af08 0.1s done
#22 exporting manifest list sha256:9bafccd60d4eb08f6186931ac7370483908f33b8ec6fd6415e5590535be8320a
#22 exporting manifest list sha256:9bafccd60d4eb08f6186931ac7370483908f33b8ec6fd6415e5590535be8320a 0.1s done
#22 naming to docker.io/library/stocksentinal-backend:latest 0.0s done
#22 unpacking to docker.io/library/stocksentinal-backend:latest 0.0s done
#22 DONE 0.5s

#24 [frontend deps 4/4] RUN rm -rf .next node_modules && npm install
#24 ...

#25 [backend] resolving provenance for metadata file
#25 DONE 0.0s

#24 [frontend deps 4/4] RUN rm -rf .next node_modules && npm install
#24 56.65 
#24 56.65 added 425 packages, and audited 426 packages in 56s
#24 56.65 
#24 56.65 148 packages are looking for funding
#24 56.65   run `npm fund` for details
#24 56.70 
#24 56.70 3 vulnerabilities (1 moderate, 1 high, 1 critical)
#24 56.70 
#24 56.70 To address all issues, run:
#24 56.70   npm audit fix
#24 56.70 
#24 56.70 Run `npm audit` for details.
#24 56.71 npm notice
#24 56.71 npm notice New major version of npm available! 10.8.2 -> 11.12.1
#24 56.71 npm notice Changelog: https://github.com/npm/cli/releases/tag/v11.12.1
#24 56.71 npm notice To update run: npm install -g npm@11.12.1
#24 56.71 npm notice
#24 DONE 57.4s

#26 [frontend builder 3/5] COPY --from=deps /app/node_modules ./node_modules
#26 DONE 19.9s

#27 [frontend builder 4/5] COPY . .
#27 DONE 0.5s

#28 [frontend builder 5/5] RUN rm -rf .next && npm run build
#28 1.524 
#28 1.524 > stocksentinel-frontend@0.1.0 build
#28 1.524 > next build
#28 1.524 
#28 3.129    Γû▓ Next.js 15.5.14
#28 3.130    - Environments: .env.local, .env.production
#28 3.130 
#28 3.253    Creating an optimized production build ...
#28 34.48  Γ£ô Compiled successfully in 25.8s
#28 34.49    Linting and checking validity of types ...
#28 46.77 Failed to compile.
#28 46.77 
#28 46.77 ./components/providers/data-sync-provider-v2.tsx:137:13
#28 46.77 Type error: Argument of type '() => () => Promise<void | undefined>' is not assignable to parameter of type 'EffectCallback'.
#28 46.77   Type '() => Promise<void | undefined>' is not assignable to type 'void | Destructor'.
#28 46.77     Type '() => Promise<void | undefined>' is not assignable to type 'Destructor'.
#28 46.77       Type 'Promise<void | undefined>' is not assignable to type 'void | { [UNDEFINED_VOID_ONLY]: never; }'.
#28 46.77 
#28 46.77 [0m [90m 135 |[39m   )[33m;[39m
#28 46.77  [90m 136 |[39m
#28 46.77 [31m[1m>[22m[39m[90m 137 |[39m   useEffect(() [33m=>[39m {
#28 46.77  [90m     |[39m             [31m[1m^[22m[39m
#28 46.77  [90m 138 |[39m     [36mconst[39m initWebSocket [33m=[39m [36masync[39m () [33m=>[39m {
#28 46.77  [90m 139 |[39m       [36mtry[39m {
#28 46.77  [90m 140 |[39m         [36mconst[39m wsUrl [33m=[39m config[33m.[39m[33mWS_BASE_URL[39m[33m;[39m[0m
#28 46.88 Next.js build worker exited with code: 1 and signal: null
#28 46.91 npm notice
#28 46.91 npm notice New major version of npm available! 10.8.2 -> 11.12.1
#28 46.91 npm notice Changelog: https://github.com/npm/cli/releases/tag/v11.12.1
#28 46.91 npm notice To update run: npm install -g npm@11.12.1
#28 46.91 npm notice
#28 ERROR: process "/bin/sh -c rm -rf .next && npm run build" did not complete successfully: exit code: 1
------
 > [frontend builder 5/5] RUN rm -rf .next && npm run build:
46.77  [90m     |[39m             [31m[1m^[22m[39m
46.77  [90m 138 |[39m     [36mconst[39m initWebSocket [33m=[39m [36masync[39m () [33m=>[39m {
46.77  [90m 139 |[39m       [36mtry[39m {
46.77  [90m 140 |[39m         [36mconst[39m wsUrl [33m=[39m config[33m.[39m[33mWS_BASE_URL[39m[33m;[39m[0m
46.88 Next.js build worker exited with code: 1 and signal: null
46.91 npm notice
46.91 npm notice New major version of npm available! 10.8.2 -> 11.12.1
46.91 npm notice Changelog: https://github.com/npm/cli/releases/tag/v11.12.1
46.91 npm notice To update run: npm install -g npm@11.12.1
46.91 npm notice
------
Dockerfile:20

--------------------

  18 |     COPY --from=deps /app/node_modules ./node_modules

  19 |     COPY . .

  20 | >>> RUN rm -rf .next && npm run build

  21 |     

  22 |     FROM node:20-alpine AS runner

--------------------

target frontend: failed to solve: process "/bin/sh -c rm -rf .next && npm run 
build" did not complete successfully: exit code: 1

